// Jest Snapshot v1, https://goo.gl/fbAQLP

exports[`matches snapshot 1`] = `
<DocumentFragment>
  <div
    class="Box"
  >
    <div
      style="width: 150px; height: 150px; background-color: cyan;"
    />
    <button>
      Remove
    </button>
  </div>
</DocumentFragment>
`;
