// Jest Snapshot v1, https://goo.gl/fbAQLP

exports[`matches snapshot 1`] = `
<DocumentFragment>
  <div>
    <p
      class=""
    >
      - undefined 
      <button>
        X
      </button>
      <button>
        Update
      </button>
      <button>
        Mark as completed
      </button>
    </p>
  </div>
</DocumentFragment>
`;
